TAP version 13
# [31m[Nest] 32708  - [39m06/23/2026, 2:41:09 PM [31m  ERROR[39m [38;5;3m[AnswerService] [39m[31mFailed to persist answer for client pA round round-1: Error: connection reset[39m
# Subtest: AnswerService
    # Subtest: accepts a valid answer, persists it (storing the answerId), and ACKs accepted
    ok 1 - accepts a valid answer, persists it (storing the answerId), and ACKs accepted
      ---
      duration_ms: 1.431917
      type: 'test'
      ...
    # Subtest: rejects an answer when no window is open
    ok 2 - rejects an answer when no window is open
      ---
      duration_ms: 0.286542
      type: 'test'
      ...
    # Subtest: rejects an unknown answerId
    ok 3 - rejects an unknown answerId
      ---
      duration_ms: 0.191958
      type: 'test'
      ...
    # Subtest: rejects a duplicate answer from the same client
    ok 4 - rejects a duplicate answer from the same client
      ---
      duration_ms: 0.271958
      type: 'test'
      ...
    # Subtest: publishes ALL_PLAYERS_ANSWERED when every connected client has answered
    ok 5 - publishes ALL_PLAYERS_ANSWERED when every connected client has answered
      ---
      duration_ms: 0.395417
      type: 'test'
      ...
    # Subtest: closes the window so later answers are rejected
    ok 6 - closes the window so later answers are rejected
      ---
      duration_ms: 0.139
      type: 'test'
      ...
    # Subtest: clears the window on ROUND_WINDOW_ABORTED so later answers are rejected
    ok 7 - clears the window on ROUND_WINDOW_ABORTED so later answers are rejected
      ---
      duration_ms: 0.155667
      type: 'test'
      ...
    # Subtest: maps a DB unique-violation on save to already-answered
    ok 8 - maps a DB unique-violation on save to already-answered
      ---
      duration_ms: 0.162583
      type: 'test'
      ...
    # Subtest: surfaces a non-unique save failure as server-error and lets the client retry
    ok 9 - surfaces a non-unique save failure as server-error and lets the client retry
      ---
      duration_ms: 1.215375
      type: 'test'
      ...
    # Subtest: broadcasts ANSWER_COUNT_UPDATE to the room after a successful submit
    ok 10 - broadcasts ANSWER_COUNT_UPDATE to the room after a successful submit
      ---
      duration_ms: 1.023208
      type: 'test'
      ...
    # Subtest: does not broadcast ANSWER_COUNT_UPDATE when the window is closed
    ok 11 - does not broadcast ANSWER_COUNT_UPDATE when the window is closed
      ---
      duration_ms: 0.117583
      type: 'test'
      ...
    # Subtest: accepts a procedural round submission and stores it as JSON
    ok 12 - accepts a procedural round submission and stores it as JSON
      ---
      duration_ms: 0.208041
      type: 'test'
      ...
    # Subtest: persists the latest minigame progress when the answer window is finalized
    ok 13 - persists the latest minigame progress when the answer window is finalized
      ---
      duration_ms: 5.217166
      type: 'test'
      ...
    # Subtest: keeps a manual minigame submission instead of finalized progress
    ok 14 - keeps a manual minigame submission instead of finalized progress
      ---
      duration_ms: 7.462417
      type: 'test'
      ...
    # Subtest: publishes ALL_PLAYERS_ANSWERED when every connected client submits a minigame round
    ok 15 - publishes ALL_PLAYERS_ANSWERED when every connected client submits a minigame round
      ---
      duration_ms: 0.28425
      type: 'test'
      ...
    1..15
ok 1 - AnswerService
  ---
  duration_ms: 19.504375
  type: 'suite'
  ...
# Subtest: BalanceScaleServerAdapter
    # Subtest: maps public item options to answer choices with submit payloads
    ok 1 - maps public item options to answer choices with submit payloads
      ---
      duration_ms: 0.673667
      type: 'test'
      ...
    1..1
ok 2 - BalanceScaleServerAdapter
  ---
  duration_ms: 1.157833
  type: 'suite'
  ...
# Subtest: ClientService.addClient
    # Subtest: creates a connected client with joinedAt and zero score
    ok 1 - creates a connected client with joinedAt and zero score
      ---
      duration_ms: 0.425542
      type: 'test'
      ...
    1..1
ok 3 - ClientService.addClient
  ---
  duration_ms: 0.888792
  type: 'suite'
  ...
# Subtest: ClientService queries
    # Subtest: findById returns the matching client
    ok 1 - findById returns the matching client
      ---
      duration_ms: 0.200209
      type: 'test'
      ...
    # Subtest: findByRoom returns only that room’s clients
    ok 2 - findByRoom returns only that room’s clients
      ---
      duration_ms: 0.413792
      type: 'test'
      ...
    1..2
ok 4 - ClientService queries
  ---
  duration_ms: 0.691125
  type: 'suite'
  ...
# Subtest: ClientService mutations
    # Subtest: setConnected updates the flag and persists
    ok 1 - setConnected updates the flag and persists
      ---
      duration_ms: 0.111542
      type: 'test'
      ...
    # Subtest: updateSocket sets a new socket id and marks connected
    ok 2 - updateSocket sets a new socket id and marks connected
      ---
      duration_ms: 0.071667
      type: 'test'
      ...
    # Subtest: remove deletes the client
    ok 3 - remove deletes the client
      ---
      duration_ms: 0.181416
      type: 'test'
      ...
    1..3
ok 5 - ClientService mutations
  ---
  duration_ms: 0.66575
  type: 'suite'
  ...
# Subtest: ClientService.addScore
    # Subtest: increments totalScore by the delta and persists
    ok 1 - increments totalScore by the delta and persists
      ---
      duration_ms: 0.195333
      type: 'test'
      ...
    1..1
ok 6 - ClientService.addScore
  ---
  duration_ms: 0.264708
  type: 'suite'
  ...
# Subtest: ConnectionRegistry
    # Subtest: registers a host socket and returns it for the room
    ok 1 - registers a host socket and returns it for the room
      ---
      duration_ms: 0.560791
      type: 'test'
      ...
    # Subtest: returns undefined for a room with no host
    ok 2 - returns undefined for a room with no host
      ---
      duration_ms: 0.061084
      type: 'test'
      ...
    # Subtest: registers client sockets and lists only the clients of a room
    ok 3 - registers client sockets and lists only the clients of a room
      ---
      duration_ms: 0.112583
      type: 'test'
      ...
    # Subtest: getRoomSockets returns the host and every client
    ok 4 - getRoomSockets returns the host and every client
      ---
      duration_ms: 0.1235
      type: 'test'
      ...
    # Subtest: looks up the membership of a registered client socket
    ok 5 - looks up the membership of a registered client socket
      ---
      duration_ms: 0.377791
      type: 'test'
      ...
    # Subtest: looks up the membership of a registered host socket
    ok 6 - looks up the membership of a registered host socket
      ---
      duration_ms: 0.060041
      type: 'test'
      ...
    # Subtest: returns undefined when looking up an unknown socket
    ok 7 - returns undefined when looking up an unknown socket
      ---
      duration_ms: 0.049833
      type: 'test'
      ...
    # Subtest: unregister removes a client and returns its membership
    ok 8 - unregister removes a client and returns its membership
      ---
      duration_ms: 0.155709
      type: 'test'
      ...
    # Subtest: unregister returns undefined for an unknown socket
    ok 9 - unregister returns undefined for an unknown socket
      ---
      duration_ms: 0.166333
      type: 'test'
      ...
    # Subtest: re-registering a client under a new socket replaces the old one (reconnect)
    ok 10 - re-registering a client under a new socket replaces the old one (reconnect)
      ---
      duration_ms: 0.343542
      type: 'test'
      ...
    # Subtest: stores and verifies a host token for a room
    ok 11 - stores and verifies a host token for a room
      ---
      duration_ms: 0.108417
      type: 'test'
      ...
    # Subtest: clears a host token (room torn down)
    ok 12 - clears a host token (room torn down)
      ---
      duration_ms: 0.044416
      type: 'test'
      ...
    # Subtest: stores, verifies, rejects and clears a per-client reconnect token
    ok 13 - stores, verifies, rejects and clears a per-client reconnect token
      ---
      duration_ms: 0.114167
      type: 'test'
      ...
    # Subtest: tracks reconnect grace timers per client
    ok 14 - tracks reconnect grace timers per client
      ---
      duration_ms: 0.377375
      type: 'test'
      ...
    1..14
ok 7 - ConnectionRegistry
  ---
  duration_ms: 3.418958
  type: 'suite'
  ...
# Subtest: DatabaseModule
    # Subtest: validates that getDatabaseConfig returns all required fields
    ok 1 - validates that getDatabaseConfig returns all required fields
      ---
      duration_ms: 0.477459
      type: 'test'
      ...
    # Subtest: port is in a valid range (1-65535)
    ok 2 - port is in a valid range (1-65535)
      ---
      duration_ms: 0.068833
      type: 'test'
      ...
    1..2
ok 8 - DatabaseModule
  ---
  duration_ms: 2.386959
  type: 'suite'
  ...
# [33m[Nest] 32713  - [39m06/23/2026, 2:41:09 PM [33m   WARN[39m [38;5;3m[GameEngineService] [39m[33mrun() ignored — game already running for room room-1[39m
# Subtest: GameEngineService
    # Subtest: runs a full game: 5 rounds of phases then GAME_OVER
    ok 1 - runs a full game: 5 rounds of phases then GAME_OVER
      ---
      duration_ms: 4.095875
      type: 'test'
      ...
    # Subtest: uses the round-specific time limit for the playable phase
    ok 2 - uses the round-specific time limit for the playable phase
      ---
      duration_ms: 0.431458
      type: 'test'
      ...
    # Subtest: emits LEADERBOARD_SHOW after each round end with leaderboard payload
    ok 3 - emits LEADERBOARD_SHOW after each round end with leaderboard payload
      ---
      duration_ms: 1.14675
      type: 'test'
      ...
    # Subtest: includes rank movement compared to the previous leaderboard
    ok 4 - includes rank movement compared to the previous leaderboard
      ---
      duration_ms: 16.090875
      type: 'test'
      ...
    # Subtest: abort() mid-round stops the loop, abandons the room, emits no GAME_OVER
    ok 5 - abort() mid-round stops the loop, abandons the room, emits no GAME_OVER
      ---
      duration_ms: 0.331042
      type: 'test'
      ...
    # Subtest: ends the question phase early when ALL_PLAYERS_ANSWERED fires
    ok 6 - ends the question phase early when ALL_PLAYERS_ANSWERED fires
      ---
      duration_ms: 0.170542
      type: 'test'
      ...
    # Subtest: ignores a second run() for a room already running
    ok 7 - ignores a second run() for a room already running
      ---
      duration_ms: 8.0755
      type: 'test'
      ...
    1..7
ok 9 - GameEngineService
  ---
  duration_ms: 30.99875
  type: 'suite'
  ...
# Subtest: GameEventBus
    # Subtest: delivers only events of the subscribed type
    ok 1 - delivers only events of the subscribed type
      ---
      duration_ms: 0.772375
      type: 'test'
      ...
    # Subtest: does not replay events to late subscribers
    ok 2 - does not replay events to late subscribers
      ---
      duration_ms: 0.081291
      type: 'test'
      ...
    1..2
ok 10 - GameEventBus
  ---
  duration_ms: 1.424167
  type: 'suite'
  ...
# Subtest: HeartbeatMonitor
    # Subtest: pings a tracked socket on the first sweep
    ok 1 - pings a tracked socket on the first sweep
      ---
      duration_ms: 1.071292
      type: 'test'
      ...
    # Subtest: terminates a socket that never ponged before the next sweep
    ok 2 - terminates a socket that never ponged before the next sweep
      ---
      duration_ms: 0.100583
      type: 'test'
      ...
    # Subtest: keeps a socket that ponged between sweeps
    ok 3 - keeps a socket that ponged between sweeps
      ---
      duration_ms: 0.167958
      type: 'test'
      ...
    # Subtest: stops pinging an untracked socket
    ok 4 - stops pinging an untracked socket
      ---
      duration_ms: 0.072375
      type: 'test'
      ...
    # Subtest: ignores sockets without the ws ping/pong API
    ok 5 - ignores sockets without the ws ping/pong API
      ---
      duration_ms: 0.11125
      type: 'test'
      ...
    1..5
ok 11 - HeartbeatMonitor
  ---
  duration_ms: 2.385416
  type: 'suite'
  ...
# Subtest: HostAuthThrottle
    # Subtest: does not lock out below the failure cap
    ok 1 - does not lock out below the failure cap
      ---
      duration_ms: 0.477417
      type: 'test'
      ...
    # Subtest: locks out once the failure cap is hit
    ok 2 - locks out once the failure cap is hit
      ---
      duration_ms: 0.12025
      type: 'test'
      ...
    # Subtest: lockout expires after LOCKOUT_MS
    ok 3 - lockout expires after LOCKOUT_MS
      ---
      duration_ms: 0.072792
      type: 'test'
      ...
    # Subtest: a success clears prior failures
    ok 4 - a success clears prior failures
      ---
      duration_ms: 0.064375
      type: 'test'
      ...
    # Subtest: tracks IPs independently
    ok 5 - tracks IPs independently
      ---
      duration_ms: 0.057958
      type: 'test'
      ...
    # Subtest: never locks out an empty IP
    ok 6 - never locks out an empty IP
      ---
      duration_ms: 0.051292
      type: 'test'
      ...
    1..6
ok 12 - HostAuthThrottle
  ---
  duration_ms: 1.413333
  type: 'suite'
  ...
# (node:32717) ExperimentalWarning: The MockTimers API is an experimental feature and might change at any time
# (Use `node --trace-warnings ...` to show where the warning was created)
# Subtest: LobbyService.createRoom
    # Subtest: creates a lobby room and returns code + host token
    ok 1 - creates a lobby room and returns code + host token
      ---
      duration_ms: 0.906875
      type: 'test'
      ...
    1..1
ok 13 - LobbyService.createRoom
  ---
  duration_ms: 1.317375
  type: 'suite'
  ...
# Subtest: LobbyService.connectHost
    # Subtest: registers the host with a valid token and sends current state
    ok 1 - registers the host with a valid token and sends current state
      ---
      duration_ms: 0.46
      type: 'test'
      ...
    # Subtest: rejects a host with an invalid token
    ok 2 - rejects a host with an invalid token
      ---
      duration_ms: 0.11625
      type: 'test'
      ...
    1..2
ok 14 - LobbyService.connectHost
  ---
  duration_ms: 0.660375
  type: 'suite'
  ...
# Subtest: LobbyService.joinClient
    # Subtest: accepts a fresh join: acks the joiner and broadcasts state to the room
    ok 1 - accepts a fresh join: acks the joiner and broadcasts state to the room
      ---
      duration_ms: 0.808416
      type: 'test'
      ...
    # Subtest: rejects an unknown room code
    ok 2 - rejects an unknown room code
      ---
      duration_ms: 0.48975
      type: 'test'
      ...
    # Subtest: rejects a duplicate display name in the same room
    ok 3 - rejects a duplicate display name in the same room
      ---
      duration_ms: 0.345083
      type: 'test'
      ...
    # Subtest: rejects joining a room that has already started
    ok 4 - rejects joining a room that has already started
      ---
      duration_ms: 0.553125
      type: 'test'
      ...
    # Subtest: rejects when the room is full
    ok 5 - rejects when the room is full
      ---
      duration_ms: 1.217459
      type: 'test'
      ...
    1..5
ok 15 - LobbyService.joinClient
  ---
  duration_ms: 3.655083
  type: 'suite'
  ...
# Subtest: LobbyService.joinClient input validation
    # Subtest: rejects a malformed room code before any lookup
    ok 1 - rejects a malformed room code before any lookup
      ---
      duration_ms: 0.253792
      type: 'test'
      ...
    # Subtest: rejects an over-long display name
    ok 2 - rejects an over-long display name
      ---
      duration_ms: 0.256042
      type: 'test'
      ...
    # Subtest: rejects a profane display name
    ok 3 - rejects a profane display name
      ---
      duration_ms: 0.166166
      type: 'test'
      ...
    # Subtest: rejects a reserved display name
    ok 4 - rejects a reserved display name
      ---
      duration_ms: 0.131708
      type: 'test'
      ...
    # Subtest: rejects a blank (whitespace-only) display name
    ok 5 - rejects a blank (whitespace-only) display name
      ---
      duration_ms: 0.07325
      type: 'test'
      ...
    # Subtest: trims the display name and dedupes against the trimmed value
    ok 6 - trims the display name and dedupes against the trimmed value
      ---
      duration_ms: 0.146416
      type: 'test'
      ...
    1..6
ok 16 - LobbyService.joinClient input validation
  ---
  duration_ms: 1.12825
  type: 'suite'
  ...
# Subtest: LobbyService room teardown clears the host token
    # Subtest: drops the host token once the room has no live sockets
    ok 1 - drops the host token once the room has no live sockets
      ---
      duration_ms: 0.778792
      type: 'test'
      ...
    1..1
ok 17 - LobbyService room teardown clears the host token
  ---
  duration_ms: 0.81575
  type: 'suite'
  ...
# Subtest: LobbyService.leaveClient
    # Subtest: removes the player and broadcasts updated state
    ok 1 - removes the player and broadcasts updated state
      ---
      duration_ms: 0.251083
      type: 'test'
      ...
    1..1
ok 18 - LobbyService.leaveClient
  ---
  duration_ms: 0.281083
  type: 'suite'
  ...
# Subtest: LobbyService disconnect + reconnect grace
    # Subtest: marks disconnected, broadcasts PLAYER_DISCONNECTED, and arms a grace timer
    ok 1 - marks disconnected, broadcasts PLAYER_DISCONNECTED, and arms a grace timer
      ---
      duration_ms: 0.442541
      type: 'test'
      ...
    # Subtest: reconnecting within the grace window restores the player
    ok 2 - reconnecting within the grace window restores the player
      ---
      duration_ms: 0.29375
      type: 'test'
      ...
    # Subtest: issues a reconnect token on a fresh join
    ok 3 - issues a reconnect token on a fresh join
      ---
      duration_ms: 0.09725
      type: 'test'
      ...
    # Subtest: rejects a reconnect that presents a wrong (or missing) reconnect token
    ok 4 - rejects a reconnect that presents a wrong (or missing) reconnect token
      ---
      duration_ms: 0.200958
      type: 'test'
      ...
    # Subtest: rotates the reconnect token on each reconnect (no replay of the old one)
    ok 5 - rotates the reconnect token on each reconnect (no replay of the old one)
      ---
      duration_ms: 0.321125
      type: 'test'
      ...
    # Subtest: expireGrace removes a client that never reconnected
    ok 6 - expireGrace removes a client that never reconnected
      ---
      duration_ms: 0.242709
      type: 'test'
      ...
    1..6
ok 19 - LobbyService disconnect + reconnect grace
  ---
  duration_ms: 1.673042
  type: 'suite'
  ...
# Subtest: LobbyService.startGame
    # Subtest: starts when enough players are connected and broadcasts GAME_START
    ok 1 - starts when enough players are connected and broadcasts GAME_START
      ---
      duration_ms: 0.2095
      type: 'test'
      ...
    # Subtest: rejects starting with too few connected players
    ok 2 - rejects starting with too few connected players
      ---
      duration_ms: 0.13325
      type: 'test'
      ...
    # Subtest: rejects an unknown room code
    ok 3 - rejects an unknown room code
      ---
      duration_ms: 0.066
      type: 'test'
      ...
    # Subtest: rejects an invalid host token
    ok 4 - rejects an invalid host token
      ---
      duration_ms: 0.141458
      type: 'test'
      ...
    1..4
ok 20 - LobbyService.startGame
  ---
  duration_ms: 0.6035
  type: 'suite'
  ...
# Subtest: LobbyService abort-on-empty
    # Subtest: aborts the game when the last connected player disconnects mid-game
    not ok 1 - aborts the game when the last connected player disconnects mid-game
      ---
      duration_ms: 1.325083
      type: 'test'
      location: '/Users/anton/Documents/Projects/brain-wiz/dist/tests/server/lobby-service.test.js:427:24'
      failureType: 'testCodeFailure'
      error: |-
        Expected values to be strictly deep-equal:
        + actual - expected
        
        + []
        - [
        -   'room-1'
        - ]
        
      code: 'ERR_ASSERTION'
      name: 'AssertionError'
      expected:
        0: 'room-1'
      actual:
      operator: 'deepStrictEqual'
      stack: |-
        TestContext.<anonymous> (/Users/anton/Documents/Projects/brain-wiz/dist/tests/server/lobby-service.test.js:442:26)
        async Test.run (node:internal/test_runner/test:1054:7)
        async Promise.all (index 0)
        async Suite.run (node:internal/test_runner/test:1442:7)
        async Test.processPendingSubtests (node:internal/test_runner/test:744:7)
      ...
    1..1
not ok 21 - LobbyService abort-on-empty
  ---
  duration_ms: 1.375542
  type: 'suite'
  location: '/Users/anton/Documents/Projects/brain-wiz/dist/tests/server/lobby-service.test.js:413:26'
  failureType: 'subtestsFailed'
  error: '1 subtest failed'
  code: 'ERR_TEST_FAILURE'
  ...
# Subtest: LobbyService.getRoomState
    # Subtest: returns null for an unknown code
    ok 1 - returns null for an unknown code
      ---
      duration_ms: 0.189291
      type: 'test'
      ...
    # Subtest: reflects the join code and lobby phase
    ok 2 - reflects the join code and lobby phase
      ---
      duration_ms: 0.076125
      type: 'test'
      ...
    1..2
ok 22 - LobbyService.getRoomState
  ---
  duration_ms: 0.3155
  type: 'suite'
  ...
# Subtest: LobbyService.sendQuestionToRoom
    # Subtest: broadcasts the question text to the room and appends question ID to room.usedQuestionsIds when called by a host
    ok 1 - broadcasts the question text to the room and appends question ID to room.usedQuestionsIds when called by a host
      ---
      duration_ms: 0.328542
      type: 'test'
      ...
    # Subtest: does nothing when the socket is not registered as a host
    ok 2 - does nothing when the socket is not registered as a host
      ---
      duration_ms: 0.042625
      type: 'test'
      ...
    # Subtest: does nothing when there are no questions available
    ok 3 - does nothing when there are no questions available
      ---
      duration_ms: 4.433917
      type: 'test'
      ...
    1..3
ok 23 - LobbyService.sendQuestionToRoom
  ---
  duration_ms: 4.864208
  type: 'suite'
  ...
# (node:32718) ExperimentalWarning: The MockTimers API is an experimental feature and might change at any time
# (Use `node --trace-warnings ...` to show where the warning was created)
# Subtest: PhaseTimer
    # Subtest: expires after N seconds, ticking down to 0
    ok 1 - expires after N seconds, ticking down to 0
      ---
      duration_ms: 0.991333
      type: 'test'
      ...
    # Subtest: cancel() resolves ABORTED and stops further ticks
    ok 2 - cancel() resolves ABORTED and stops further ticks
      ---
      duration_ms: 0.135875
      type: 'test'
      ...
    # Subtest: endEarly() resolves ENDED_EARLY
    ok 3 - endEarly() resolves ENDED_EARLY
      ---
      duration_ms: 0.163417
      type: 'test'
      ...
    # Subtest: ignores cancel()/endEarly() after it already expired
    ok 4 - ignores cancel()/endEarly() after it already expired
      ---
      duration_ms: 0.820416
      type: 'test'
      ...
    1..4
ok 24 - PhaseTimer
  ---
  duration_ms: 2.842583
  type: 'suite'
  ...
# Subtest: QrcodeModule
    # Subtest: exports the module
    ok 1 - exports the module
      ---
      duration_ms: 0.3295
      type: 'test'
      ...
    # Subtest: exports QrcodeService
    ok 2 - exports QrcodeService
      ---
      duration_ms: 0.057834
      type: 'test'
      ...
    1..2
ok 25 - QrcodeModule
  ---
  duration_ms: 0.923791
  type: 'suite'
  ...
# Subtest: QrcodeService.generateSvg
    # Subtest: returns an SVG string for a join URL
    ok 1 - returns an SVG string for a join URL
      ---
      duration_ms: 5.608542
      type: 'test'
      ...
    # Subtest: uses the configured SVG size and colors
    ok 2 - uses the configured SVG size and colors
      ---
      duration_ms: 2.023208
      type: 'test'
      ...
    1..2
ok 26 - QrcodeService.generateSvg
  ---
  duration_ms: 8.20275
  type: 'suite'
  ...
# Subtest: QuestionService.getRandomQuestion
    # Subtest: returns null when there are no questions in the database
    ok 1 - returns null when there are no questions in the database
      ---
      duration_ms: 0.414583
      type: 'test'
      ...
    # Subtest: returns the only question when there is exactly one
    ok 2 - returns the only question when there is exactly one
      ---
      duration_ms: 0.208417
      type: 'test'
      ...
    # Subtest: returns one of the available questions when there are multiple
    ok 3 - returns one of the available questions when there are multiple
      ---
      duration_ms: 0.154291
      type: 'test'
      ...
    1..3
ok 27 - QuestionService.getRandomQuestion
  ---
  duration_ms: 1.313417
  type: 'suite'
  ...
# Subtest: QuestionController.createQuestion
    # Subtest: returns the generated question id
    ok 1 - returns the generated question id
      ---
      duration_ms: 0.628083
      type: 'test'
      ...
    1..1
ok 28 - QuestionController.createQuestion
  ---
  duration_ms: 1.076209
  type: 'suite'
  ...
# Subtest: CreateQuestionDto Validation
    # Subtest: rejects arrays with empty strings
    ok 1 - rejects arrays with empty strings
      ---
      duration_ms: 3.218417
      type: 'test'
      ...
    # Subtest: rejects integers over the max limit
    ok 2 - rejects integers over the max limit
      ---
      duration_ms: 8.745416
      type: 'test'
      ...
    1..2
ok 29 - CreateQuestionDto Validation
  ---
  duration_ms: 12.098375
  type: 'suite'
  ...
# Subtest: RateLimiter
    # Subtest: allows messages up to the cap within one window
    ok 1 - allows messages up to the cap within one window
      ---
      duration_ms: 0.519
      type: 'test'
      ...
    # Subtest: drops the message that exceeds the cap
    ok 2 - drops the message that exceeds the cap
      ---
      duration_ms: 0.119833
      type: 'test'
      ...
    # Subtest: refills after the window elapses
    ok 3 - refills after the window elapses
      ---
      duration_ms: 0.071458
      type: 'test'
      ...
    # Subtest: tracks each connection independently
    ok 4 - tracks each connection independently
      ---
      duration_ms: 0.055958
      type: 'test'
      ...
    # Subtest: never rate limits an empty key (no connection id)
    ok 5 - never rate limits an empty key (no connection id)
      ---
      duration_ms: 0.062042
      type: 'test'
      ...
    # Subtest: reset clears a connection window
    ok 6 - reset clears a connection window
      ---
      duration_ms: 0.06175
      type: 'test'
      ...
    1..6
ok 30 - RateLimiter
  ---
  duration_ms: 1.469084
  type: 'suite'
  ...
# [33m[Nest] 32724  - [39m06/23/2026, 2:41:09 PM [33m   WARN[39m [38;5;3m[RoomBroadcaster] [39m[33mDropping unreachable socket: Error: socket closed[39m
# Subtest: RoomBroadcaster
    # Subtest: emitToSocket sends a single JSON {event,data} envelope
    ok 1 - emitToSocket sends a single JSON {event,data} envelope
      ---
      duration_ms: 0.847208
      type: 'test'
      ...
    # Subtest: emitToRoom delivers to the host and every client
    ok 2 - emitToRoom delivers to the host and every client
      ---
      duration_ms: 0.167
      type: 'test'
      ...
    # Subtest: emitToRoom is a no-op for an empty/unknown room
    ok 3 - emitToRoom is a no-op for an empty/unknown room
      ---
      duration_ms: 0.156167
      type: 'test'
      ...
    # Subtest: a single throwing socket does not stop delivery to the rest of the room
    ok 4 - a single throwing socket does not stop delivery to the rest of the room
      ---
      duration_ms: 0.663125
      type: 'test'
      ...
    # Subtest: broadcastRoomState wraps the state as ROOM_STATE_UPDATE { room }
    ok 5 - broadcastRoomState wraps the state as ROOM_STATE_UPDATE { room }
      ---
      duration_ms: 0.206917
      type: 'test'
      ...
    1..5
ok 31 - RoomBroadcaster
  ---
  duration_ms: 3.414
  type: 'suite'
  ...
# Subtest: RoomService.createRoom
    # Subtest: persists a lobby room with a valid join code and at least one game mode
    ok 1 - persists a lobby room with a valid join code and at least one game mode
      ---
      duration_ms: 0.675792
      type: 'test'
      ...
    # Subtest: retries code generation when the first code already exists
    ok 2 - retries code generation when the first code already exists
      ---
      duration_ms: 0.157541
      type: 'test'
      ...
    1..2
ok 32 - RoomService.createRoom
  ---
  duration_ms: 3.4125
  type: 'suite'
  ...
# Subtest: RoomService.findByJoinCode
    # Subtest: returns the repository match
    ok 1 - returns the repository match
      ---
      duration_ms: 0.187875
      type: 'test'
      ...
    # Subtest: returns null when no room matches
    ok 2 - returns null when no room matches
      ---
      duration_ms: 0.067334
      type: 'test'
      ...
    1..2
ok 33 - RoomService.findByJoinCode
  ---
  duration_ms: 0.334167
  type: 'suite'
  ...
# Subtest: RoomService.startRoom
    # Subtest: transitions a lobby room to active with a startedAt timestamp
    ok 1 - transitions a lobby room to active with a startedAt timestamp
      ---
      duration_ms: 0.176291
      type: 'test'
      ...
    # Subtest: rejects starting a room that is not in the lobby
    ok 2 - rejects starting a room that is not in the lobby
      ---
      duration_ms: 0.372042
      type: 'test'
      ...
    1..2
ok 34 - RoomService.startRoom
  ---
  duration_ms: 0.77925
  type: 'suite'
  ...
# Subtest: RoomService.finishRoom / setCurrentRound
    # Subtest: setCurrentRound persists the new index
    ok 1 - setCurrentRound persists the new index
      ---
      duration_ms: 0.20575
      type: 'test'
      ...
    # Subtest: finishRoom sets status and finishedAt
    ok 2 - finishRoom sets status and finishedAt
      ---
      duration_ms: 0.094125
      type: 'test'
      ...
    1..2
ok 35 - RoomService.finishRoom / setCurrentRound
  ---
  duration_ms: 0.399083
  type: 'suite'
  ...
# Subtest: roomStatusToPhase
    # Subtest: maps lobby to the lobby phase
    ok 1 - maps lobby to the lobby phase
      ---
      duration_ms: 1.056
      type: 'test'
      ...
    # Subtest: maps active to the round-intro phase (game started, before first round)
    ok 2 - maps active to the round-intro phase (game started, before first round)
      ---
      duration_ms: 0.153667
      type: 'test'
      ...
    # Subtest: maps finished to the game-over phase
    ok 3 - maps finished to the game-over phase
      ---
      duration_ms: 0.059667
      type: 'test'
      ...
    # Subtest: maps abandoned to the game-over phase
    ok 4 - maps abandoned to the game-over phase
      ---
      duration_ms: 0.119958
      type: 'test'
      ...
    1..4
ok 36 - roomStatusToPhase
  ---
  duration_ms: 1.90225
  type: 'suite'
  ...
# Subtest: toRoomState
    # Subtest: uses the room join code and round index
    ok 1 - uses the room join code and round index
      ---
      duration_ms: 0.529041
      type: 'test'
      ...
    # Subtest: maps client rows to wire players
    ok 2 - maps client rows to wire players
      ---
      duration_ms: 0.130375
      type: 'test'
      ...
    1..2
ok 37 - toRoomState
  ---
  duration_ms: 0.789292
  type: 'suite'
  ...
# Subtest: toRoomState livePhase override
    # Subtest: uses the live phase when provided
    ok 1 - uses the live phase when provided
      ---
      duration_ms: 0.143167
      type: 'test'
      ...
    # Subtest: falls back to the status-derived phase when omitted
    ok 2 - falls back to the status-derived phase when omitted
      ---
      duration_ms: 0.146
      type: 'test'
      ...
    1..2
ok 38 - toRoomState livePhase override
  ---
  duration_ms: 0.499333
  type: 'suite'
  ...
# Subtest: RoomsController.createRoom
    # Subtest: returns the join code and host token
    ok 1 - returns the join code and host token
      ---
      duration_ms: 0.664042
      type: 'test'
      ...
    1..1
ok 39 - RoomsController.createRoom
  ---
  duration_ms: 1.125291
  type: 'suite'
  ...
# Subtest: RoomsController.getRoom
    # Subtest: returns the room state when it exists
    ok 1 - returns the room state when it exists
      ---
      duration_ms: 0.140125
      type: 'test'
      ...
    # Subtest: throws 404 when the room is unknown
    ok 2 - throws 404 when the room is unknown
      ---
      duration_ms: 0.32
      type: 'test'
      ...
    1..2
ok 40 - RoomsController.getRoom
  ---
  duration_ms: 0.535791
  type: 'suite'
  ...
# Subtest: RoomsController.start
    # Subtest: returns the new state on success
    ok 1 - returns the new state on success
      ---
      duration_ms: 0.187625
      type: 'test'
      ...
    # Subtest: maps RoomNotFoundError to 404
    ok 2 - maps RoomNotFoundError to 404
      ---
      duration_ms: 0.108917
      type: 'test'
      ...
    # Subtest: maps InvalidHostTokenError to 403
    ok 3 - maps InvalidHostTokenError to 403
      ---
      duration_ms: 0.211
      type: 'test'
      ...
    # Subtest: maps NotEnoughPlayersError to 409
    ok 4 - maps NotEnoughPlayersError to 409
      ---
      duration_ms: 0.280833
      type: 'test'
      ...
    1..4
ok 41 - RoomsController.start
  ---
  duration_ms: 0.9895
  type: 'suite'
  ...
# Subtest: RoundBuilder
    # Subtest: builds the default mixed sequence with shared procedural round state
    ok 1 - builds the default mixed sequence with shared procedural round state
      ---
      duration_ms: 1.464417
      type: 'test'
      ...
    # Subtest: throws NotEnoughQuestionsError when the pool is too small
    ok 2 - throws NotEnoughQuestionsError when the pool is too small
      ---
      duration_ms: 0.317083
      type: 'test'
      ...
    # Subtest: expands a stored flow: theme blocks become questions, mini-game blocks become procedural rounds
    ok 3 - expands a stored flow: theme blocks become questions, mini-game blocks become procedural rounds
      ---
      duration_ms: 0.33275
      type: 'test'
      ...
    # Subtest: clamps a theme block to the questions actually available
    ok 4 - clamps a theme block to the questions actually available
      ---
      duration_ms: 0.201584
      type: 'test'
      ...
    1..4
ok 42 - RoundBuilder
  ---
  duration_ms: 2.856416
  type: 'suite'
  ...
# Subtest: RoundPresenterImpl
    # Subtest: emits QUESTION_SHOW with answer options carrying stable ids (no correctness leaked)
    ok 1 - emits QUESTION_SHOW with answer options carrying stable ids (no correctness leaked)
      ---
      duration_ms: 0.948667
      type: 'test'
      ...
    # Subtest: publishes ROUND_WINDOW_OPENED with the id->correctness map and basePoints
    ok 2 - publishes ROUND_WINDOW_OPENED with the id->correctness map and basePoints
      ---
      duration_ms: 2.470125
      type: 'test'
      ...
    1..2
ok 43 - RoundPresenterImpl
  ---
  duration_ms: 3.987458
  type: 'suite'
  ...
# Subtest: ScoringService
    # Subtest: awards time-decayed points for a correct answer and 0 for a wrong one
    ok 1 - awards time-decayed points for a correct answer and 0 for a wrong one
      ---
      duration_ms: 3.492459
      type: 'test'
      ...
    # Subtest: broadcasts QUESTION_REVEAL with correct ids, per-player results, and roster timeouts
    ok 2 - broadcasts QUESTION_REVEAL with correct ids, per-player results, and roster timeouts
      ---
      duration_ms: 1.079708
      type: 'test'
      ...
    # Subtest: publishes ROUND_SCORED after scoring
    ok 3 - publishes ROUND_SCORED after scoring
      ---
      duration_ms: 0.55
      type: 'test'
      ...
    # Subtest: drops the context on ROUND_WINDOW_ABORTED and does not score or reveal
    ok 4 - drops the context on ROUND_WINDOW_ABORTED and does not score or reveal
      ---
      duration_ms: 0.336625
      type: 'test'
      ...
    # Subtest: scores procedural minigame submissions through the registry
    ok 5 - scores procedural minigame submissions through the registry
      ---
      duration_ms: 0.543041
      type: 'test'
      ...
    1..5
ok 44 - ScoringService
  ---
  duration_ms: 6.632583
  type: 'suite'
  ...
# Subtest: safeEqual
    # Subtest: returns true for identical strings
    ok 1 - returns true for identical strings
      ---
      duration_ms: 0.490167
      type: 'test'
      ...
    # Subtest: returns false for different same-length strings
    ok 2 - returns false for different same-length strings
      ---
      duration_ms: 0.073208
      type: 'test'
      ...
    # Subtest: returns false for different-length strings
    ok 3 - returns false for different-length strings
      ---
      duration_ms: 0.118042
      type: 'test'
      ...
    # Subtest: returns true for two empty strings
    ok 4 - returns true for two empty strings
      ---
      duration_ms: 0.055458
      type: 'test'
      ...
    1..4
ok 45 - safeEqual
  ---
  duration_ms: 3.470542
  type: 'suite'
  ...
# Subtest: SlidingPuzzleServerAdapter
    # Subtest: adds a speed bonus for solved boards through the server scoring path
    ok 1 - adds a speed bonus for solved boards through the server scoring path
      ---
      duration_ms: 0.782375
      type: 'test'
      ...
    # Subtest: does not add a speed bonus for unfinished boards
    ok 2 - does not add a speed bonus for unfinished boards
      ---
      duration_ms: 0.093458
      type: 'test'
      ...
    1..2
ok 46 - SlidingPuzzleServerAdapter
  ---
  duration_ms: 1.447416
  type: 'suite'
  ...
# [33m[Nest] 32733  - [39m06/23/2026, 2:41:09 PM [33m   WARN[39m [38;5;3m[SocketGateway] [39m[33mHost auth locked out for 9.9.9.9[39m
# Subtest: SocketGateway ping/pong
    # Subtest: answers a ping with a pong envelope
    ok 1 - answers a ping with a pong envelope
      ---
      duration_ms: 0.478292
      type: 'test'
      ...
    # Subtest: echoes the client timestamp back in the pong
    ok 2 - echoes the client timestamp back in the pong
      ---
      duration_ms: 0.125083
      type: 'test'
      ...
    # Subtest: defaults the echoed timestamp to 0 when the ping has no payload
    ok 3 - defaults the echoed timestamp to 0 when the ping has no payload
      ---
      duration_ms: 0.057042
      type: 'test'
      ...
    1..3
ok 47 - SocketGateway ping/pong
  ---
  duration_ms: 1.093333
  type: 'suite'
  ...
# Subtest: parseConnectParams
    # Subtest: extracts role and code from the upgrade URL
    ok 1 - extracts role and code from the upgrade URL
      ---
      duration_ms: 0.47725
      type: 'test'
      ...
    # Subtest: returns an empty object for a missing URL
    ok 2 - returns an empty object for a missing URL
      ---
      duration_ms: 0.048625
      type: 'test'
      ...
    # Subtest: returns an empty object for a URL with no query string
    ok 3 - returns an empty object for a URL with no query string
      ---
      duration_ms: 0.046958
      type: 'test'
      ...
    # Subtest: returns an empty object for an empty query string
    ok 4 - returns an empty object for an empty query string
      ---
      duration_ms: 0.138
      type: 'test'
      ...
    # Subtest: decodes URL-encoded role and code values
    ok 5 - decodes URL-encoded role and code values
      ---
      duration_ms: 0.20625
      type: 'test'
      ...
    # Subtest: ignores a param with an empty value (role= is treated as absent)
    ok 6 - ignores a param with an empty value (role= is treated as absent)
      ---
      duration_ms: 0.192917
      type: 'test'
      ...
    # Subtest: does NOT expose hostToken — it is silently stripped from params
    ok 7 - does NOT expose hostToken — it is silently stripped from params
      ---
      duration_ms: 0.160084
      type: 'test'
      ...
    # Subtest: ignores unknown keys without crashing
    ok 8 - ignores unknown keys without crashing
      ---
      duration_ms: 0.045791
      type: 'test'
      ...
    1..8
ok 48 - parseConnectParams
  ---
  duration_ms: 1.56525
  type: 'suite'
  ...
# Subtest: SocketGateway connection handling
    # Subtest: assigns a connection id to every new socket
    ok 1 - assigns a connection id to every new socket
      ---
      duration_ms: 0.332083
      type: 'test'
      ...
    # Subtest: registers a host when the request carries a valid host role and header token
    ok 2 - registers a host when the request carries a valid host role and header token
      ---
      duration_ms: 0.17275
      type: 'test'
      ...
    # Subtest: does not register a host for a plain client connection
    ok 3 - does not register a host for a plain client connection
      ---
      duration_ms: 0.048208
      type: 'test'
      ...
    # Subtest: delegates disconnects to the lobby
    ok 4 - delegates disconnects to the lobby
      ---
      duration_ms: 0.107333
      type: 'test'
      ...
    1..4
ok 49 - SocketGateway connection handling
  ---
  duration_ms: 0.724958
  type: 'suite'
  ...
# Subtest: SocketGateway origin guard
    # Subtest: rejects and closes a socket whose origin is not allow-listed
    ok 1 - rejects and closes a socket whose origin is not allow-listed
      ---
      duration_ms: 0.073708
      type: 'test'
      ...
    # Subtest: allows an allow-listed origin
    ok 2 - allows an allow-listed origin
      ---
      duration_ms: 0.047542
      type: 'test'
      ...
    # Subtest: allows a non-browser client that sends no origin header
    ok 3 - allows a non-browser client that sends no origin header
      ---
      duration_ms: 0.050208
      type: 'test'
      ...
    1..3
ok 50 - SocketGateway origin guard
  ---
  duration_ms: 0.209916
  type: 'suite'
  ...
# Subtest: SocketGateway idle-socket timeout
    # Subtest: closes a socket that never authenticates within the join window
    ok 1 - closes a socket that never authenticates within the join window
      ---
      duration_ms: 0.077042
      type: 'test'
      ...
    # Subtest: leaves an authenticated socket open when the idle timer fires
    ok 2 - leaves an authenticated socket open when the idle timer fires
      ---
      duration_ms: 0.049333
      type: 'test'
      ...
    # Subtest: clears the idle timer on disconnect
    ok 3 - clears the idle timer on disconnect
      ---
      duration_ms: 0.096334
      type: 'test'
      ...
    # Subtest: arms the timer with the configured join timeout
    ok 4 - arms the timer with the configured join timeout
      ---
      duration_ms: 0.029584
      type: 'test'
      ...
    1..4
ok 51 - SocketGateway idle-socket timeout
  ---
  duration_ms: 0.351875
  type: 'suite'
  ...
# Subtest: SocketGateway rate limiting
    # Subtest: drops messages once a connection exceeds its budget
    ok 1 - drops messages once a connection exceeds its budget
      ---
      duration_ms: 0.227959
      type: 'test'
      ...
    # Subtest: does not pong once over budget
    ok 2 - does not pong once over budget
      ---
      duration_ms: 0.079541
      type: 'test'
      ...
    1..2
ok 52 - SocketGateway rate limiting
  ---
  duration_ms: 0.342042
  type: 'suite'
  ...
# Subtest: SocketGateway player messages
    # Subtest: delegates PLAYER_JOIN with the connection id, payload and reconnect token
    ok 1 - delegates PLAYER_JOIN with the connection id, payload and reconnect token
      ---
      duration_ms: 0.134125
      type: 'test'
      ...
    # Subtest: ignores a PLAYER_JOIN missing required fields
    ok 2 - ignores a PLAYER_JOIN missing required fields
      ---
      duration_ms: 0.034166
      type: 'test'
      ...
    # Subtest: delegates PLAYER_LEAVE to the lobby
    ok 3 - delegates PLAYER_LEAVE to the lobby
      ---
      duration_ms: 0.046833
      type: 'test'
      ...
    1..3
ok 53 - SocketGateway player messages
  ---
  duration_ms: 0.252833
  type: 'suite'
  ...
# Subtest: SocketGateway host authentication
    # Subtest: reads the host token from the Sec-WebSocket-Protocol header, not the URL
    ok 1 - reads the host token from the Sec-WebSocket-Protocol header, not the URL
      ---
      duration_ms: 0.119
      type: 'test'
      ...
    # Subtest: refuses (and closes) a host connection from a locked-out IP without attempting auth
    ok 2 - refuses (and closes) a host connection from a locked-out IP without attempting auth
      ---
      duration_ms: 0.639334
      type: 'test'
      ...
    1..2
ok 54 - SocketGateway host authentication
  ---
  duration_ms: 0.789
  type: 'suite'
  ...
# Subtest: SocketGateway.handleAnswerSubmit
    # Subtest: delegates a rate-allowed ANSWER_SUBMIT to AnswerService
    ok 1 - delegates a rate-allowed ANSWER_SUBMIT to AnswerService
      ---
      duration_ms: 9.436958
      type: 'test'
      ...
    # Subtest: drops an ANSWER_SUBMIT that exceeds the rate limit
    ok 2 - drops an ANSWER_SUBMIT that exceeds the rate limit
      ---
      duration_ms: 0.338042
      type: 'test'
      ...
    1..2
ok 55 - SocketGateway.handleAnswerSubmit
  ---
  duration_ms: 9.865666
  type: 'suite'
  ...
# Subtest: SocketGateway.handleRoundProgress
    # Subtest: delegates a rate-allowed ROUND_PROGRESS to AnswerService
    ok 1 - delegates a rate-allowed ROUND_PROGRESS to AnswerService
      ---
      duration_ms: 0.097875
      type: 'test'
      ...
    # Subtest: drops a ROUND_PROGRESS that exceeds the rate limit
    ok 2 - drops a ROUND_PROGRESS that exceeds the rate limit
      ---
      duration_ms: 0.045
      type: 'test'
      ...
    1..2
ok 56 - SocketGateway.handleRoundProgress
  ---
  duration_ms: 0.198709
  type: 'suite'
  ...
# Subtest: selectSubprotocol
    # Subtest: selects the marker when the client offers it
    ok 1 - selects the marker when the client offers it
      ---
      duration_ms: 0.326375
      type: 'test'
      ...
    # Subtest: returns false when the marker is absent (no echo, but not a rejection)
    ok 2 - returns false when the marker is absent (no echo, but not a rejection)
      ---
      duration_ms: 0.06025
      type: 'test'
      ...
    1..2
ok 57 - selectSubprotocol
  ---
  duration_ms: 0.860417
  type: 'suite'
  ...
# Subtest: parseHostTokenFromHeaders
    # Subtest: extracts the non-marker subprotocol as the token
    ok 1 - extracts the non-marker subprotocol as the token
      ---
      duration_ms: 0.120875
      type: 'test'
      ...
    # Subtest: handles no spaces after the comma
    ok 2 - handles no spaces after the comma
      ---
      duration_ms: 0.122292
      type: 'test'
      ...
    # Subtest: returns undefined when only the marker is present
    ok 3 - returns undefined when only the marker is present
      ---
      duration_ms: 0.052834
      type: 'test'
      ...
    # Subtest: returns undefined when the header is absent
    ok 4 - returns undefined when the header is absent
      ---
      duration_ms: 0.04425
      type: 'test'
      ...
    1..4
ok 58 - parseHostTokenFromHeaders
  ---
  duration_ms: 0.444
  type: 'suite'
  ...
# Subtest: clientIp
    # Subtest: reads the remote address off the socket if TRUST_PROXY is not true
    ok 1 - reads the remote address off the socket if TRUST_PROXY is not true
      ---
      duration_ms: 0.383333
      type: 'test'
      ...
    # Subtest: reads x-forwarded-for if TRUST_PROXY is true
    ok 2 - reads x-forwarded-for if TRUST_PROXY is true
      ---
      duration_ms: 2.845084
      type: 'test'
      ...
    # Subtest: returns empty string when unavailable
    ok 3 - returns empty string when unavailable
      ---
      duration_ms: 0.192875
      type: 'test'
      ...
    1..3
ok 59 - clientIp
  ---
  duration_ms: 3.690833
  type: 'suite'
  ...
# Subtest: isOriginAllowed
    # Subtest: allows an origin on the list
    ok 1 - allows an origin on the list
      ---
      duration_ms: 0.415583
      type: 'test'
      ...
    # Subtest: rejects an origin not on the list
    ok 2 - rejects an origin not on the list
      ---
      duration_ms: 0.067
      type: 'test'
      ...
    # Subtest: allows a missing origin (non-browser client, not a CSWSH vector)
    ok 3 - allows a missing origin (non-browser client, not a CSWSH vector)
      ---
      duration_ms: 0.110834
      type: 'test'
      ...
    # Subtest: rejects every present origin when the allow-list is empty
    ok 4 - rejects every present origin when the allow-list is empty
      ---
      duration_ms: 0.0505
      type: 'test'
      ...
    1..4
ok 60 - isOriginAllowed
  ---
  duration_ms: 1.572084
  type: 'suite'
  ...
# Subtest: computeAnswerStats
    # Subtest: counts picks per answer, flags the correct one, and totals
    ok 1 - counts picks per answer, flags the correct one, and totals
      ---
      duration_ms: 0.757541
      type: 'test'
      ...
    # Subtest: returns all-zero stats and zero totals when nobody answered
    ok 2 - returns all-zero stats and zero totals when nobody answered
      ---
      duration_ms: 0.158417
      type: 'test'
      ...
    1..2
ok 61 - computeAnswerStats
  ---
  duration_ms: 1.4985
  type: 'suite'
  ...
# Subtest: validateDisplayName
    # Subtest: accepts a normal name
    ok 1 - accepts a normal name
      ---
      duration_ms: 1.294625
      type: 'test'
      ...
    # Subtest: trims before checking length
    ok 2 - trims before checking length
      ---
      duration_ms: 0.522
      type: 'test'
      ...
    # Subtest: rejects an empty / whitespace-only name with the length message
    ok 3 - rejects an empty / whitespace-only name with the length message
      ---
      duration_ms: 0.063875
      type: 'test'
      ...
    # Subtest: rejects an over-long name with the length message
    ok 4 - rejects an over-long name with the length message
      ---
      duration_ms: 0.059083
      type: 'test'
      ...
    # Subtest: rejects a reserved name (case-insensitive)
    ok 5 - rejects a reserved name (case-insensitive)
      ---
      duration_ms: 0.056084
      type: 'test'
      ...
    # Subtest: rejects English profanity
    ok 6 - rejects English profanity
      ---
      duration_ms: 0.055
      type: 'test'
      ...
    # Subtest: rejects Dutch profanity
    ok 7 - rejects Dutch profanity
      ---
      duration_ms: 0.13125
      type: 'test'
      ...
    # Subtest: rejects profanity embedded in a longer name
    ok 8 - rejects profanity embedded in a longer name
      ---
      duration_ms: 0.137375
      type: 'test'
      ...
    # Subtest: does not flag a clean name that contains no banned substring
    ok 9 - does not flag a clean name that contains no banned substring
      ---
      duration_ms: 0.199042
      type: 'test'
      ...
    1..9
ok 62 - validateDisplayName
  ---
  duration_ms: 3.430083
  type: 'suite'
  ...
# Subtest: Env Utils
    # Subtest: isDevelopment
        # Subtest: returns false when not in development
        ok 1 - returns false when not in development
          ---
          duration_ms: 0.682375
          type: 'test'
          ...
        # Subtest: returns true when NODE_ENV is development
        ok 2 - returns true when NODE_ENV is development
          ---
          duration_ms: 0.135667
          type: 'test'
          ...
        1..2
    ok 1 - isDevelopment
      ---
      duration_ms: 1.222583
      type: 'suite'
      ...
    # Subtest: getBackendWsUrl
        # Subtest: returns env url if provided
        ok 1 - returns env url if provided
          ---
          duration_ms: 0.336958
          type: 'test'
          ...
        # Subtest: returns ws://hostname:3000 if development
        ok 2 - returns ws://hostname:3000 if development
          ---
          duration_ms: 0.225
          type: 'test'
          ...
        # Subtest: returns ws://host if not development and protocol is http:
        ok 3 - returns ws://host if not development and protocol is http:
          ---
          duration_ms: 0.162041
          type: 'test'
          ...
        # Subtest: returns wss://host if not development and protocol is https:
        ok 4 - returns wss://host if not development and protocol is https:
          ---
          duration_ms: 0.0875
          type: 'test'
          ...
        # Subtest: returns fallback ws://localhost:3000 if window is undefined
        ok 5 - returns fallback ws://localhost:3000 if window is undefined
          ---
          duration_ms: 0.830375
          type: 'test'
          ...
        1..5
    ok 2 - getBackendWsUrl
      ---
      duration_ms: 2.053916
      type: 'suite'
      ...
    # Subtest: getBackendHttpUrl
        # Subtest: replaces ws with http
        ok 1 - replaces ws with http
          ---
          duration_ms: 0.247458
          type: 'test'
          ...
        # Subtest: replaces wss with https
        ok 2 - replaces wss with https
          ---
          duration_ms: 0.202958
          type: 'test'
          ...
        1..2
    ok 3 - getBackendHttpUrl
      ---
      duration_ms: 0.808542
      type: 'suite'
      ...
    # Subtest: getClientBaseUrl
        # Subtest: returns http://hostname:5173 if development
        ok 1 - returns http://hostname:5173 if development
          ---
          duration_ms: 0.146083
          type: 'test'
          ...
        # Subtest: returns window origin if window is defined and not development
        ok 2 - returns window origin if window is defined and not development
          ---
          duration_ms: 0.084708
          type: 'test'
          ...
        # Subtest: returns fallback http://localhost:3000 if window is undefined
        ok 3 - returns fallback http://localhost:3000 if window is undefined
          ---
          duration_ms: 0.076791
          type: 'test'
          ...
        1..3
    ok 4 - getClientBaseUrl
      ---
      duration_ms: 0.354666
      type: 'suite'
      ...
    1..4
ok 63 - Env Utils
  ---
  duration_ms: 5.271125
  type: 'suite'
  ...
# Subtest: generateRoomCode
    # Subtest: returns correct length
    ok 1 - returns correct length
      ---
      duration_ms: 0.337625
      type: 'test'
      ...
    # Subtest: never contains 0 O 1 I
    ok 2 - never contains 0 O 1 I
      ---
      duration_ms: 0.261542
      type: 'test'
      ...
    1..2
ok 64 - generateRoomCode
  ---
  duration_ms: 1.145292
  type: 'suite'
  ...
# Subtest: isValidRoomCode
    # Subtest: accepts valid generated code
    ok 1 - accepts valid generated code
      ---
      duration_ms: 0.127833
      type: 'test'
      ...
    # Subtest: rejects null
    ok 2 - rejects null
      ---
      duration_ms: 0.112958
      type: 'test'
      ...
    # Subtest: rejects wrong length
    ok 3 - rejects wrong length
      ---
      duration_ms: 0.063583
      type: 'test'
      ...
    # Subtest: is case-insensitive
    ok 4 - is case-insensitive
      ---
      duration_ms: 0.044167
      type: 'test'
      ...
    1..4
ok 65 - isValidRoomCode
  ---
  duration_ms: 0.507417
  type: 'suite'
  ...
1..65
# tests 231
# suites 69
# pass 230
# fail 1
# cancelled 0
# skipped 0
# todo 0
# duration_ms 946.79275
